[    0.000000] Initializing cgroup subsys cpuset
[    0.000000] Initializing cgroup subsys cpu
[    0.000000] Initializing cgroup subsys cpuacct
[    0.000000] Linux version 4.4.0-210-generic (buildd@lgw01-amd64-009) (gcc version 5.4.0 20160609 (Ubuntu 5.4.0-6ubuntu1~16.04.12) ) #242-Ubuntu SMP Fri Apr 16 09:57:56 UTC 2021 (Ubuntu 4.4.0-210.242-generic 4.4.262)
[    0.000000] Command line: BOOT_IMAGE=/boot/vmlinuz-4.4.0-210-generic root=LABEL=cloudimg-rootfs ro console=tty1 console=ttyS0
[    0.000000] KERNEL supported cpus:
[    0.000000]   Intel GenuineIntel
[    0.000000]   AMD AuthenticAMD
[    0.000000]   Centaur CentaurHauls
[    0.000000] x86/fpu: xstate_offset[2]:  576, xstate_sizes[2]:  256
[    0.000000] x86/fpu: Supporting XSAVE feature 0x01: 'x87 floating point registers'
[    0.000000] x86/fpu: Supporting XSAVE feature 0x02: 'SSE registers'
[    0.000000] x86/fpu: Supporting XSAVE feature 0x04: 'AVX registers'
[    0.000000] x86/fpu: Enabled xstate features 0x7, context size is 832 bytes, using 'standard' format.
[    0.000000] e820: BIOS-provided physical RAM map:
[    0.000000] BIOS-e820: [mem 0x0000000000000000-0x000000000009fbff] usable
[    0.000000] BIOS-e820: [mem 0x000000000009fc00-0x000000000009ffff] reserved
[    0.000000] BIOS-e820: [mem 0x00000000000f0000-0x00000000000fffff] reserved
[    0.000000] BIOS-e820: [mem 0x0000000000100000-0x000000003ffeffff] usable
[    0.000000] BIOS-e820: [mem 0x000000003fff0000-0x000000003fffffff] ACPI data
[    0.000000] BIOS-e820: [mem 0x00000000fec00000-0x00000000fec00fff] reserved
[    0.000000] BIOS-e820: [mem 0x00000000fee00000-0x00000000fee00fff] reserved
[    0.000000] BIOS-e820: [mem 0x00000000fffc0000-0x00000000ffffffff] reserved
[    0.000000] NX (Execute Disable) protection: active
[    0.000000] SMBIOS 2.5 present.
[    0.000000] Hypervisor detected: KVM
[    0.000000] e820: last_pfn = 0x3fff0 max_arch_pfn = 0x400000000
[    0.000000] MTRR: Disabled
[    0.000000] x86/PAT: MTRRs disabled, skipping PAT initialization too.
[    0.000000] CPU MTRRs all blank - virtualized system.
[    0.000000] x86/PAT: Configuration [0-7]: WB  WT  UC- UC  WB  WT  UC- UC  
[    0.000000] found SMP MP-table at [mem 0x0009fff0-0x0009ffff] mapped at [ffff88000009fff0]
[    0.000000] Scanning 1 areas for low memory corruption
[    0.000000] RAMDISK: [mem 0x362dc000-0x37165fff]
[    0.000000] ACPI: Early table checksum verification disabled
[    0.000000] ACPI: RSDP 0x00000000000E0000 000024 (v02 VBOX  )
[    0.000000] ACPI: XSDT 0x000000003FFF0030 00003C (v01 VBOX   VBOXXSDT 00000001 ASL  00000061)
[    0.000000] ACPI: FACP 0x000000003FFF00F0 0000F4 (v04 VBOX   VBOXFACP 00000001 ASL  00000061)
[    0.000000] ACPI: DSDT 0x000000003FFF0470 002325 (v02 VBOX   VBOXBIOS 00000002 INTL 20200925)
[    0.000000] ACPI: FACS 0x000000003FFF0200 000040
[    0.000000] ACPI: FACS 0x000000003FFF0200 000040
[    0.000000] ACPI: APIC 0x000000003FFF0240 00005C (v02 VBOX   VBOXAPIC 00000001 ASL  00000061)
[    0.000000] ACPI: SSDT 0x000000003FFF02A0 0001CC (v01 VBOX   VBOXCPUT 00000002 INTL 20200925)
[    0.000000] No NUMA configuration found
[    0.000000] Faking a node at [mem 0x0000000000000000-0x000000003ffeffff]
[    0.000000] NODE_DATA(0) allocated [mem 0x3ffeb000-0x3ffeffff]
[    0.000000] kvm-clock: Using msrs 4b564d01 and 4b564d00
[    0.000000] kvm-clock: cpu 0, msr 0:3ffe3001, primary cpu clock
[    0.000000] kvm-clock: using sched offset of 3395360854 cycles
[    0.000000] clocksource: kvm-clock: mask: 0xffffffffffffffff max_cycles: 0x1cd42e4dffb, max_idle_ns: 881590591483 ns
[    0.000000] Zone ranges:
[    0.000000]   DMA      [mem 0x0000000000001000-0x0000000000ffffff]
[    0.000000]   DMA32    [mem 0x0000000001000000-0x000000003ffeffff]
[    0.000000]   Normal   empty
[    0.000000]   Device   empty
[    0.000000] Movable zone start for each node
[    0.000000] Early memory node ranges
[    0.000000]   node   0: [mem 0x0000000000001000-0x000000000009efff]
[    0.000000]   node   0: [mem 0x0000000000100000-0x000000003ffeffff]
[    0.000000] Initmem setup node 0 [mem 0x0000000000001000-0x000000003ffeffff]
[    0.000000] ACPI: PM-Timer IO Port: 0x4008
[    0.000000] IOAPIC[0]: apic_id 2, version 32, address 0xfec00000, GSI 0-23
[    0.000000] ACPI: INT_SRC_OVR (bus 0 bus_irq 0 global_irq 2 dfl dfl)
[    0.000000] ACPI: INT_SRC_OVR (bus 0 bus_irq 9 global_irq 9 low level)
[    0.000000] Using ACPI (MADT) for SMP configuration information
[    0.000000] smpboot: Allowing 2 CPUs, 0 hotplug CPUs
[    0.000000] PM: Registered nosave memory: [mem 0x00000000-0x00000fff]
[    0.000000] PM: Registered nosave memory: [mem 0x0009f000-0x0009ffff]
[    0.000000] PM: Registered nosave memory: [mem 0x000a0000-0x000effff]
[    0.000000] PM: Registered nosave memory: [mem 0x000f0000-0x000fffff]
[    0.000000] e820: [mem 0x40000000-0xfebfffff] available for PCI devices
[    0.000000] Booting paravirtualized kernel on KVM
[    0.000000] clocksource: refined-jiffies: mask: 0xffffffff max_cycles: 0xffffffff, max_idle_ns: 7645519600211568 ns
[    0.000000] setup_percpu: NR_CPUS:512 nr_cpumask_bits:512 nr_cpu_ids:2 nr_node_ids:1
[    0.000000] PERCPU: Embedded 33 pages/cpu @ffff88003fc00000 s95192 r8192 d31784 u1048576
[    0.000000] Built 1 zonelists in Node order, mobility grouping on.  Total pages: 257912
[    0.000000] Policy zone: DMA32
[    0.000000] Kernel command line: BOOT_IMAGE=/boot/vmlinuz-4.4.0-210-generic root=LABEL=cloudimg-rootfs ro console=tty1 console=ttyS0
[    0.000000] PID hash table entries: 4096 (order: 3, 32768 bytes)
[    0.000000] Memory: 997792K/1048120K available (8644K kernel code, 1332K rwdata, 4044K rodata, 1492K init, 1164K bss, 50328K reserved, 0K cma-reserved)
[    0.000000] SLUB: HWalign=64, Order=0-3, MinObjects=0, CPUs=2, Nodes=1
[    0.000000] Kernel/User page tables isolation: enabled
[    0.000000] Hierarchical RCU implementation.
[    0.000000] 	Build-time adjustment of leaf fanout to 64.
[    0.000000] 	RCU restricting CPUs from NR_CPUS=512 to nr_cpu_ids=2.
[    0.000000] RCU: Adjusting geometry for rcu_fanout_leaf=64, nr_cpu_ids=2
[    0.000000] NR_IRQS:33024 nr_irqs:440 16
[    0.000000] Console: colour VGA+ 80x25
[    0.000000] console [tty1] enabled
[    0.000000] console [ttyS0] enabled
[    0.000000] tsc: Detected 2394.452 MHz processor
[    0.210480] Calibrating delay loop (skipped) preset value.. 4788.90 BogoMIPS (lpj=9577808)
[    0.212310] pid_max: default: 32768 minimum: 301
[    0.213272] ACPI: Core revision 20150930
[    0.215242] ACPI: 2 ACPI AML tables successfully acquired and loaded
[    0.216616] Security Framework initialized
[    0.217503] Yama: becoming mindful.
[    0.218353] AppArmor: AppArmor initialized
[    0.219338] Dentry cache hash table entries: 131072 (order: 8, 1048576 bytes)
[    0.223028] Inode-cache hash table entries: 65536 (order: 7, 524288 bytes)
[    0.224573] Mount-cache hash table entries: 2048 (order: 2, 16384 bytes)
[    0.225908] Mountpoint-cache hash table entries: 2048 (order: 2, 16384 bytes)
[    0.227447] Initializing cgroup subsys io
[    0.228343] Initializing cgroup subsys memory
[    0.229317] Initializing cgroup subsys devices
[    0.230268] Initializing cgroup subsys freezer
[    0.231261] Initializing cgroup subsys net_cls
[    0.232210] Initializing cgroup subsys perf_event
[    0.233226] Initializing cgroup subsys net_prio
[    0.234203] Initializing cgroup subsys hugetlb
[    0.235169] Initializing cgroup subsys pids
[    0.244033] mce: CPU supports 0 MCE banks
[    0.244968] Last level iTLB entries: 4KB 1024, 2MB 1024, 4MB 1024
[    0.246251] Last level dTLB entries: 4KB 1024, 2MB 1024, 4MB 1024, 1GB 4
[    0.247549] Spectre V1 : Mitigation: usercopy/swapgs barriers and __user pointer sanitization
[    0.249336] Spectre V2 : Mitigation: Full generic retpoline
[    0.250463] Spectre V2 : Spectre v2 / SpectreRSB mitigation: Filling RSB on context switch
[    0.252205] Speculative Store Bypass: Vulnerable
[    0.253200] SRBDS: Unknown: Dependent on hypervisor status
[    0.254413] MDS: Mitigation: Clear CPU buffers
[    0.258510] Freeing SMP alternatives memory: 36K
[    0.266424] ftrace: allocating 32380 entries in 127 pages
[    0.336094] smpboot: APIC(0) Converting physical 0 to logical package 0
[    0.337505] smpboot: Max logical packages: 1
[    0.338754] x2apic enabled
[    0.339726] Switched APIC routing to physical x2apic.
[    0.342070] ..TIMER: vector=0x30 apic1=0 pin1=2 apic2=-1 pin2=-1
[    0.451496] smpboot: CPU0: Intel(R) Core(TM) i5-4210U CPU @ 1.70GHz (family: 0x6, model: 0x45, stepping: 0x1)
[    0.453865] Performance Events: unsupported p6 CPU model 69 no PMU driver, software events only.
[    0.470014] KVM setup paravirtual spinlock
[    0.472406] x86: Booting SMP configuration:
[    0.473384] .... node  #0, CPUs:      #1
[    0.474468] kvm-clock: cpu 1, msr 0:3ffe3041, secondary cpu clock
[    0.483706] mce: CPU supports 0 MCE banks
[    0.486492] x86: Booted up 1 node, 2 CPUs
[    0.487889] smpboot: Total of 2 processors activated (9577.80 BogoMIPS)
[    0.489735] devtmpfs: initialized
[    0.492199] evm: security.selinux
[    0.494052] evm: security.SMACK64
[    0.495432] evm: security.SMACK64EXEC
[    0.496371] evm: security.SMACK64TRANSMUTE
[    0.497306] evm: security.SMACK64MMAP
[    0.498207] evm: security.ima
[    0.498962] evm: security.capability
[    0.500083] clocksource: jiffies: mask: 0xffffffff max_cycles: 0xffffffff, max_idle_ns: 7645041785100000 ns
[    0.503387] futex hash table entries: 512 (order: 3, 32768 bytes)
[    0.504938] pinctrl core: initialized pinctrl subsystem
[    0.506317] RTC time: 11:18:29, date: 12/29/21
[    0.507644] NET: Registered protocol family 16
[    0.519143] cpuidle: using governor ladder
[    0.531268] cpuidle: using governor menu
[    0.532411] PCCT header not found.
[    0.533527] ACPI: bus type PCI registered
[    0.534674] acpiphp: ACPI Hot Plug PCI Controller Driver version: 0.5
[    0.536748] PCI: Using configuration type 1 for base access
[    0.549527] ACPI: Added _OSI(Module Device)
[    0.550582] ACPI: Added _OSI(Processor Device)
[    0.551627] ACPI: Added _OSI(3.0 _SCP Extensions)
[    0.552671] ACPI: Added _OSI(Processor Aggregator Device)
[    0.554585] ACPI: Executed 1 blocks of module-level executable AML code
[    0.558208] ACPI: Interpreter enabled
[    0.559174] ACPI: (supports S0 S5)
[    0.560028] ACPI: Using IOAPIC for interrupt routing
[    0.561249] PCI: Using host bridge windows from ACPI; if necessary, use "pci=nocrs" and report a bug
[    0.567274] ACPI: PCI Root Bridge [PCI0] (domain 0000 [bus 00-ff])
[    0.568598] acpi PNP0A03:00: _OSC: OS supports [ASPM ClockPM Segments MSI]
[    0.570362] acpi PNP0A03:00: _OSC: not requesting OS control; OS requires [ExtendedConfig ASPM ClockPM MSI]
[    0.572445] acpi PNP0A03:00: fail to add MMCONFIG information, can't access extended PCI configuration space under this bridge.
[    0.575159] PCI host bridge to bus 0000:00
[    0.576085] pci_bus 0000:00: root bus resource [io  0x0000-0x0cf7 window]
[    0.577438] pci_bus 0000:00: root bus resource [io  0x0d00-0xffff window]
[    0.578885] pci_bus 0000:00: root bus resource [mem 0x000a0000-0x000bffff window]
[    0.580580] pci_bus 0000:00: root bus resource [mem 0x40000000-0xfdffffff window]
[    0.582261] pci_bus 0000:00: root bus resource [bus 00-ff]
[    0.585190] pci 0000:00:01.1: legacy IDE quirk: reg 0x10: [io  0x01f0-0x01f7]
[    0.586601] pci 0000:00:01.1: legacy IDE quirk: reg 0x14: [io  0x03f6]
[    0.587926] pci 0000:00:01.1: legacy IDE quirk: reg 0x18: [io  0x0170-0x0177]
[    0.600561] pci 0000:00:01.1: legacy IDE quirk: reg 0x1c: [io  0x0376]
[    0.622449] pci 0000:00:07.0: quirk: [io  0x4000-0x403f] claimed by PIIX4 ACPI
[    0.624231] pci 0000:00:07.0: quirk: [io  0x4100-0x410f] claimed by PIIX4 SMB
[    0.637161] ACPI: PCI Interrupt Link [LNKA] (IRQs 5 9 10 *11)
[    0.639075] ACPI: PCI Interrupt Link [LNKB] (IRQs 5 9 *10 11)
[    0.640765] ACPI: PCI Interrupt Link [LNKC] (IRQs 5 *9 10 11)
[    0.642471] ACPI: PCI Interrupt Link [LNKD] (IRQs 5 9 10 *11)
[    0.644276] ACPI: Enabled 2 GPEs in block 00 to 07
[    0.645777] vgaarb: setting as boot device: PCI:0000:00:02.0
[    0.646961] vgaarb: device added: PCI:0000:00:02.0,decodes=io+mem,owns=io+mem,locks=none
[    0.648776] vgaarb: loaded
[    0.649505] vgaarb: bridge control possible 0000:00:02.0
[    0.650905] SCSI subsystem initialized
[    0.651942] ACPI: bus type USB registered
[    0.652882] usbcore: registered new interface driver usbfs
[    0.654029] usbcore: registered new interface driver hub
[    0.655193] usbcore: registered new device driver usb
[    0.657306] PCI: Using ACPI for IRQ routing
[    0.658695] NetLabel: Initializing
[    0.659563] NetLabel:  domain hash size = 128
[    0.660516] NetLabel:  protocols = UNLABELED CIPSOv4
[    0.661600] NetLabel:  unlabeled traffic allowed by default
[    0.662949] amd_nb: Cannot enumerate AMD northbridges
[    0.664088] clocksource: Switched to clocksource kvm-clock
[    0.672272] AppArmor: AppArmor Filesystem Enabled
[    0.673440] pnp: PnP ACPI init
[    0.675050] pnp: PnP ACPI: found 3 devices
[    0.685350] clocksource: acpi_pm: mask: 0xffffff max_cycles: 0xffffff, max_idle_ns: 2085701024 ns
[    0.687299] NET: Registered protocol family 2
[    0.688476] TCP established hash table entries: 8192 (order: 4, 65536 bytes)
[    0.689886] TCP bind hash table entries: 8192 (order: 5, 131072 bytes)
[    0.691220] TCP: Hash tables configured (established 8192 bind 8192)
[    0.692548] UDP hash table entries: 512 (order: 2, 16384 bytes)
[    0.693754] UDP-Lite hash table entries: 512 (order: 2, 16384 bytes)
[    0.695053] NET: Registered protocol family 1
[    0.696027] pci 0000:00:00.0: Limiting direct PCI/PCI transfers
[    0.697273] pci 0000:00:01.0: Activating ISA DMA hang workarounds
[    0.698655] Unpacking initramfs...
[    0.923544] Freeing initrd memory: 14888K
[    0.924692] RAPL PMU detected, API unit is 2^-32 Joules, 4 fixed counters 10737418240 ms ovfl timer
[    0.926592] hw unit of domain pp0-core 2^-0 Joules
[    0.927606] hw unit of domain package 2^-0 Joules
[    0.928686] hw unit of domain dram 2^-0 Joules
[    0.929657] hw unit of domain pp1-gpu 2^-0 Joules
[    0.930722] clocksource: tsc: mask: 0xffffffffffffffff max_cycles: 0x2283be6f12a, max_idle_ns: 440795258165 ns
[    0.932844] platform rtc_cmos: registered platform RTC device (no PNP device found)
[    0.934567] Scanning for low memory corruption every 60 seconds
[    0.936240] audit: initializing netlink subsys (disabled)
[    0.937388] audit: type=2000 audit(1640776715.200:1): initialized
[    0.938928] Initialise system trusted keyring
[    0.940113] HugeTLB registered 2 MB page size, pre-allocated 0 pages
[    0.943000] zbud: loaded
[    0.944081] VFS: Disk quotas dquot_6.6.0
[    0.945083] VFS: Dquot-cache hash table entries: 512 (order 0, 4096 bytes)
[    0.946703] squashfs: version 4.0 (2009/01/31) Phillip Lougher
[    0.948227] fuse init (API version 7.23)
[    0.949311] Key type big_key registered
[    0.950255] Allocating IMA MOK and blacklist keyrings.
[    0.952568] Key type asymmetric registered
[    0.953493] Asymmetric key parser 'x509' registered
[    0.954570] Block layer SCSI generic (bsg) driver version 0.4 loaded (major 249)
[    0.956339] io scheduler noop registered
[    0.957235] io scheduler deadline registered (default)
[    0.958353] io scheduler cfq registered
[    0.959380] pci_hotplug: PCI Hot Plug PCI Core version: 0.5
[    0.960553] pciehp: PCI Express Hot Plug Controller Driver version: 0.4
[    0.961984] ACPI: AC Adapter [AC] (off-line)
[    0.963028] input: Power Button as /devices/LNXSYSTM:00/LNXPWRBN:00/input/input0
[    0.964727] ACPI: Power Button [PWRF]
[    0.965640] input: Sleep Button as /devices/LNXSYSTM:00/LNXSLPBN:00/input/input1
[    0.967313] ACPI: Sleep Button [SLPF]
[    0.968416] GHES: HEST is not enabled!
[    0.969326] ACPI: Battery Slot [BAT0] (battery present)
[    0.970782] Serial: 8250/16550 driver, 32 ports, IRQ sharing enabled
[    0.992691] 00:02: ttyS0 at I/O 0x3f8 (irq = 4, base_baud = 115200) is a 16550A
[    0.997128] Linux agpgart interface v0.103
[    1.000026] loop: module loaded
[    1.001476] scsi host0: ata_piix
[    1.002432] scsi host1: ata_piix
[    1.003239] ata1: PATA max UDMA/33 cmd 0x1f0 ctl 0x3f6 bmdma 0xd000 irq 14
[    1.004640] ata2: PATA max UDMA/33 cmd 0x170 ctl 0x376 bmdma 0xd008 irq 15
[    1.006103] libphy: Fixed MDIO Bus: probed
[    1.007059] tun: Universal TUN/TAP device driver, 1.6
[    1.008178] tun: (C) 1999-2004 Max Krasnyansky <maxk@qualcomm.com>
[    1.009500] PPP generic driver version 2.4.2
[    1.010550] ehci_hcd: USB 2.0 'Enhanced' Host Controller (EHCI) Driver
[    1.011858] ehci-pci: EHCI PCI platform driver
[    1.012899] ehci-platform: EHCI generic platform driver
[    1.013999] ohci_hcd: USB 1.1 'Open' Host Controller (OHCI) Driver
[    1.015232] ohci-pci: OHCI PCI platform driver
[    1.016316] ohci-platform: OHCI generic platform driver
[    1.017411] uhci_hcd: USB Universal Host Controller Interface driver
[    1.018740] i8042: PNP: PS/2 Controller [PNP0303:PS2K,PNP0f03:PS2M] at 0x60,0x64 irq 1,12
[    1.021065] serio: i8042 KBD port at 0x60,0x64 irq 1
[    1.022120] serio: i8042 AUX port at 0x60,0x64 irq 12
[    1.023436] mousedev: PS/2 mouse device common for all mice
[    1.025005] input: AT Translated Set 2 keyboard as /devices/platform/i8042/serio0/input/input2
[    1.027300] rtc_cmos rtc_cmos: rtc core: registered rtc_cmos as rtc0
[    1.028710] rtc_cmos rtc_cmos: alarms up to one day, 114 bytes nvram
[    1.030019] i2c /dev entries driver
[    1.030905] device-mapper: uevent: version 1.0.3
[    1.032050] device-mapper: ioctl: 4.34.0-ioctl (2015-10-28) initialised: dm-devel@redhat.com
[    1.033921] ledtrig-cpu: registered to indicate activity on CPUs
[    1.035745] NET: Registered protocol family 10
[    1.036997] NET: Registered protocol family 17
[    1.038050] Key type dns_resolver registered
[    1.039684] registered taskstats version 1
[    1.040692] Loading compiled-in X.509 certificates
[    1.042405] Loaded X.509 cert 'Build time autogenerated kernel key: cf00e047681d67edb2720680708b7d9498083038'
[    1.044561] zswap: loaded using pool lzo/zbud
[    1.047780] Key type trusted registered
[    1.052718] Key type encrypted registered
[    1.053645] AppArmor: AppArmor sha1 policy hashing enabled
[    1.054783] ima: No TPM chip found, activating TPM-bypass!
[    1.055942] ima: Allocated hash algorithm: sha1
[    1.056976] evm: HMAC attrs: 0x1
[    1.058165]   Magic number: 1:654:328
[    1.059158] rtc_cmos rtc_cmos: setting system clock to 2021-12-29 11:18:30 UTC (1640776710)
[    1.061200] BIOS EDD facility v0.16 2004-Jun-25, 0 devices found
[    1.062417] EDD information not available.
[    1.186090] Freeing unused kernel memory: 1492K
[    1.187616] Write protecting the kernel read-only data: 14336k
[    1.189758] Freeing unused kernel memory: 1584K
[    1.190959] Freeing unused kernel memory: 52K
Loading, please wait...
starting version 229
[    1.211781] random: systemd-udevd: uninitialized urandom read (16 bytes read, 2 bits of entropy available)
[    1.212443] random: udevadm: uninitialized urandom read (16 bytes read, 2 bits of entropy available)
[    1.212487] random: udevadm: uninitialized urandom read (16 bytes read, 2 bits of entropy available)
[    1.224371] random: systemd-udevd: uninitialized urandom read (16 bytes read, 2 bits of entropy available)
[    1.228242] random: udevadm: uninitialized urandom read (16 bytes read, 2 bits of entropy available)
[    1.228322] random: udevadm: uninitialized urandom read (16 bytes read, 2 bits of entropy available)
[    1.228618] random: udevadm: uninitialized urandom read (16 bytes read, 2 bits of entropy available)
[    1.228724] random: udevadm: uninitialized urandom read (16 bytes read, 2 bits of entropy available)
[    1.228826] random: udevadm: uninitialized urandom read (16 bytes read, 2 bits of entropy available)
[    1.228924] random: udevadm: uninitialized urandom read (16 bytes read, 2 bits of entropy available)
[    1.308300] e1000: Intel(R) PRO/1000 Network Driver - version 7.3.21-k8-NAPI
[    1.309754] e1000: Copyright (c) 1999-2006 Intel Corporation.
[    1.323049] Fusion MPT base driver 3.04.20
[    1.324634] Copyright (c) 1999-2008 LSI Corporation
[    1.352396] AVX2 version of gcm_enc/dec engaged.
[    1.354167] AES CTR mode by8 optimization enabled
[    1.367775] Fusion MPT SPI Host driver 3.04.20
[    1.552145] input: ImExPS/2 Generic Explorer Mouse as /devices/platform/i8042/serio1/input/input4
[    1.696687] e1000 0000:00:03.0 eth0: (PCI:33MHz:32-bit) 02:be:82:6b:cc:1d
[    1.699797] e1000 0000:00:03.0 eth0: Intel(R) PRO/1000 Network Connection
[    2.412334] e1000 0000:00:08.0 eth1: (PCI:33MHz:32-bit) 08:00:27:ad:88:36
[    2.413839] e1000 0000:00:08.0 eth1: Intel(R) PRO/1000 Network Connection
[    2.416087] mptbase: ioc0: Initiating bringup
[    2.417981] e1000 0000:00:03.0 enp0s3: renamed from eth0
[    2.436595] e1000 0000:00:08.0 enp0s8: renamed from eth1
[    2.480868] ioc0: LSI53C1030 A0: Capabilities={Initiator}
[    2.646271] scsi host2: ioc0: LSI53C1030 A0, FwRev=00000000h, Ports=1, MaxQ=256, IRQ=20
[    2.756711] scsi 2:0:0:0: Direct-Access     VBOX     HARDDISK         1.0  PQ: 0 ANSI: 5
[    2.768610] scsi target2:0:0: Beginning Domain Validation
[    2.771729] scsi target2:0:0: Domain Validation skipping write tests
[    2.773380] scsi target2:0:0: Ending Domain Validation
[    2.774817] scsi target2:0:0: asynchronous
[    2.776691] scsi 2:0:1:0: Direct-Access     VBOX     HARDDISK         1.0  PQ: 0 ANSI: 5
[    2.778888] scsi target2:0:1: Beginning Domain Validation
[    2.781515] scsi target2:0:1: Domain Validation skipping write tests
[    2.783127] scsi target2:0:1: Ending Domain Validation
[    2.784589] scsi target2:0:1: asynchronous
[    2.791377] sd 2:0:0:0: Attached scsi generic sg0 type 0
[    2.792928] sd 2:0:0:0: [sda] 83886080 512-byte logical blocks: (42.9 GB/40.0 GiB)
[    2.795441] sd 2:0:1:0: Attached scsi generic sg1 type 0
[    2.796308] sd 2:0:0:0: [sda] Write Protect is off
[    2.796440] sd 2:0:0:0: [sda] Incomplete mode parameter data
[    2.796441] sd 2:0:0:0: [sda] Assuming drive cache: write through
[    2.800362] sd 2:0:1:0: [sdb] 20480 512-byte logical blocks: (10.5 MB/10.0 MiB)
[    2.800572] sd 2:0:1:0: [sdb] Write Protect is off
[    2.800728] sd 2:0:1:0: [sdb] Incomplete mode parameter data
[    2.800729] sd 2:0:1:0: [sdb] Assuming drive cache: write through
[    2.825423]  sda: sda1
[    2.827427] sd 2:0:0:0: [sda] Attached SCSI disk
[    2.839980] sd 2:0:1:0: [sdb] Attached SCSI disk
Begin: Loading essential drivers ... [    4.320759] md: linear personality registered for level -1
[    4.324726] md: multipath personality registered for level -4
[    4.328702] md: raid0 personality registered for level 0
[    4.333939] md: raid1 personality registered for level 1
[    4.422203] raid6: sse2x1   gen()  9151 MB/s
[    4.489948] raid6: sse2x1   xor()  6634 MB/s
[    4.559891] raid6: sse2x2   gen()  7395 MB/s
[    4.638136] raid6: sse2x2   xor()  7477 MB/s
[    4.704273] raid6: sse2x4   gen() 12250 MB/s
[    4.787833] raid6: sse2x4   xor() 10687 MB/s
[    4.856516] raid6: avx2x1   gen() 16069 MB/s
[    4.924263] raid6: avx2x2   gen() 19348 MB/s
[    5.003918] raid6: avx2x4   gen() 25484 MB/s
[    5.004954] raid6: using algorithm avx2x4 gen() 25484 MB/s
[    5.006106] raid6: using avx2x2 recovery algorithm
[    5.008913] xor: automatically using best checksumming function:
[    5.048125]    avx       : 22060.000 MB/sec
[    5.050651] async_tx: api initialized (async)
[    5.063112] md: raid6 personality registered for level 6
[    5.064589] md: raid5 personality registered for level 5
[    5.066019] md: raid4 personality registered for level 4
[    5.074578] md: raid10 personality registered for level 10
done.
Begin: Running /scripts/init-premount ... done.
Begin: Mounting root file system ... Begin: Running /scripts/local-top ... done.
Begin: Running /scripts/local-premount ... [    5.109209] Btrfs loaded
Scanning for Btrfs filesystems
done.
Warning: fsck not present, so skipping root file system
[    5.177422] EXT4-fs (sda1): INFO: recovery required on readonly filesystem
[    5.179129] EXT4-fs (sda1): write access will be enabled during recovery
[    5.192872] EXT4-fs (sda1): recovery complete
[    5.194379] EXT4-fs (sda1): mounted filesystem with ordered data mode. Opts: (null)
done.
Begin: Running /scripts/local-bottom ... done.
Begin: Running /scripts/init-bottom ... done.
[    5.313383] systemd[1]: systemd 229 running in system mode. (+PAM +AUDIT +SELINUX +IMA +APPARMOR +SMACK +SYSVINIT +UTMP +LIBCRYPTSETUP +GCRYPT +GNUTLS +ACL +XZ -LZ4 +SECCOMP +BLKID +ELFUTILS +KMOD -IDN)
[    5.317507] systemd[1]: Detected virtualization oracle.
[    5.318805] systemd[1]: Detected architecture x86-64.

Welcome to [1mUbuntu 16.04.7 LTS[0m!

[    5.322939] systemd[1]: Set hostname to <web01>.
[    5.480614] systemd[1]: Reached target Swap.
[[0;32m  OK  [0m] Reached target Swap.
[    5.482720] systemd[1]: Started Trigger resolvconf update for networkd DNS.
[[0;32m  OK  [0m] Started Trigger resolvconf update for networkd DNS.
[    5.485412] systemd[1]: Listening on Device-mapper event daemon FIFOs.
[[0;32m  OK  [0m] Listening on Device-mapper event daemon FIFOs.
[    5.488320] systemd[1]: Created slice User and Session Slice.
[[0;32m  OK  [0m] Created slice User and Session Slice.
[    5.490833] systemd[1]: Set up automount Arbitrary Executable File Formats File System Automount Point.
[[0;32m  OK  [0m] Set up automount Arbitrary Executab...ats File System Automount Point.
[    5.494364] systemd[1]: Reached target System Time Synchronized.
[[0;32m  OK  [0m] Reached target System Time Synchronized.
[    5.496748] systemd[1]: Listening on Journal Socket (/dev/log).
[[0;32m  OK  [0m] Listening on Journal Socket (/dev/log).
[    5.499099] systemd[1]: Listening on udev Kernel Socket.
[[0;32m  OK  [0m] Listening on udev Kernel Socket.
[    5.501258] systemd[1]: Listening on fsck to fsckd communication Socket.
[[0;32m  OK  [0m] Listening on fsck to fsckd communication Socket.
[    5.503866] systemd[1]: Listening on LVM2 poll daemon socket.
[[0;32m  OK  [0m] Listening on LVM2 poll daemon socket.
[    5.506226] systemd[1]: Listening on LVM2 metadata daemon socket.
[[0;32m  OK  [0m] Listening on LVM2 metadata daemon socket.
[    5.508663] systemd[1]: Listening on Journal Audit Socket.
[[0;32m  OK  [0m] Listening on Journal Audit Socket.
[    5.510970] systemd[1]: Listening on Journal Socket.
[[0;32m  OK  [0m] Listening on Journal Socket.
[    5.513117] systemd[1]: Listening on udev Control Socket.
[[0;32m  OK  [0m] Listening on udev Control Socket.
[    5.515370] systemd[1]: Listening on Syslog Socket.
[[0;32m  OK  [0m] Listening on Syslog Socket.
[    5.517409] systemd[1]: Listening on /dev/initctl Compatibility Named Pipe.
[[0;32m  OK  [0m] Listening on /dev/initctl Compatibility Named Pipe.
[    5.520066] systemd[1]: Reached target User and Group Name Lookups.
[[0;32m  OK  [0m] Reached target User and Group Name Lookups.
[    5.522574] systemd[1]: Started Forward Password Requests to Wall Directory Watch.
[[0;32m  OK  [0m] Started Forward Password Requests to Wall Directory Watch.
[    5.525530] systemd[1]: Reached target Encrypted Volumes.
[[0;32m  OK  [0m] Reached target Encrypted Volumes.
[    5.527939] systemd[1]: Created slice System Slice.
[[0;32m  OK  [0m] Created slice System Slice.
[    5.540353] systemd[1]: Starting Create list of required static device nodes for the current kernel...
         Starting Create list of required st... nodes for the current kernel...
[    5.544890] systemd[1]: Starting Set console keymap...
         Starting Set console keymap...
[    5.548001] systemd[1]: Starting Uncomplicated firewall...
         Starting Uncomplicated firewall...
[    5.551771] systemd[1]: Starting Journal Service...
         Starting Journal Service...
[    5.556689] systemd[1]: Mounting Debug File System...
         Mounting Debug File System...
[    5.559823] systemd[1]: Mounting Huge Pages File System...
         Mounting Huge Pages File System...
[    5.563852] systemd[1]: Created slice system-serial\x2dgetty.slice.
[[0;32m  OK  [0m] Created slice system-serial\x2dgetty.slice.
[    5.569162] systemd[1]: Starting Nameserver information manager...
         Starting Nameserver information manager...
[    5.574322] systemd[1]: Starting Load Kernel Modules...
         Starting Load Kernel Modules...
[    5.577219] systemd[1]: Starting File System Check on Root Device...
         Starting File System Check on Root Device...
[    5.580394] systemd[1]: Starting Monitoring of LVM2 mirrors, snapshots etc. using dmeventd or progress polling...
         Starting Monitoring of LVM2 mirrors... dmeventd or progress polling...
[    5.585987] systemd[1]: Mounting POSIX Message Queue File System...
         Mounting POSIX Message Queue File System...
[    5.590714] systemd[1]: Reached target Slices.
[[0;32m  OK  [0m] Reached target Slices.
[    5.600415] systemd[1]: Mounted Huge Pages File System.
[[0;32m  OK  [0m] Mounted Huge Pages File System.
[    5.606944] systemd[1]: Mounted POSIX Message Queue File System.
[    5.607040] Loading iSCSI transport class v2.0-870.
[[0;32m  OK  [0m] Mounted POSIX Message Queue File System.
[    5.611311] systemd[1]: Mounted Debug File System.
[[0;32m  OK  [0m] Mounted Debug File System.
[    5.614064] systemd[1]: Started Journal Service.
[[0;32m  OK  [0m] Started Journal Service.
[[0;32m  OK  [0m] Started Create list of required sta...ce nodes for the current kernel.
[[0;32m  OK  [0m] Started Uncomplicated firewall.
[[0;32m  OK  [0m] Started Nameserver information manager.
[[0;32m  OK  [0m] Started LVM2 metadata daemon.
[    5.634941] iscsi: registered transport (tcp)
[[0;32m  OK  [0m] Started File System Check Daemon to report status.
         Starting Create Static Device Nodes in /dev...
[[0;32m  OK  [0m] Started Create Static Device Nodes in /dev.
         Starting udev Kernel Device Manager...
[[0;32m  OK  [0m] Started File System Check on Root Device.
         Starting Remount Root and Kernel File Systems...
[    5.688273] EXT4-fs (sda1): re-mounted. Opts: (null)
[[0;32m  OK  [0m] Started Remount Root and Kernel File Systems.
         Starting udev Coldplug all Devices...
         Starting Flush Journal to Persistent Storage...
         Starting Load/Save Random Seed...
[[0;32m  OK  [0m] Started Load/Save Random Seed.
[    5.723983] systemd-journald[374]: Received request to flush runtime journal from PID 1
[[0;32m  OK  [0m] Started Flush Journal to Persistent Storage.
[    5.747928] iscsi: registered transport (iser)
[[0;32m  OK  [0m] Started Set console keymap.
[[0;32m  OK  [0m] Started Load Kernel Modules.
[[0;32m  OK  [0m] Started udev Kernel Device Manager.
         Mounting FUSE Control File System...
         Starting Apply Kernel Variables...
[[0;32m  OK  [0m] Mounted FUSE Control File System.
[[0;32m  OK  [0m] Started Apply Kernel Variables.
[[0;32m  OK  [0m] Started udev Coldplug all Devices.
[[0;32m  OK  [0m] Started Dispatch Password Requests to Console Directory Watch.
[[0;32m  OK  [0m] Started Monitoring of LVM2 mirrors,...ng dmeventd or progress polling.
[[0;32m  OK  [0m] Reached target Local File Systems (Pre).
[[0;32m  OK  [0m] Reached target Local File Systems.
         Starting Tell Plymouth To Write Out Runtime Data...
         Starting Initial cloud-init job (pre-networking)...
         Starting Create Volatile Files and Directories...
         Starting LSB: AppArmor initialization...
         Starting Set console font and keymap...
[[0;32m  OK  [0m] Started Tell Plymouth To Write Out Runtime Data.
[[0;32m  OK  [0m] Started Create Volatile Files and Directories.
         Starting Update UTMP about System Boot/Shutdown...
[[0;32m  OK  [0m] Started Update UTMP about System Boot/Shutdown.
[[0;32m  OK  [0m] Started LSB: AppArmor initialization.
[[0;32m  OK  [0m] Found device /dev/ttyS0.
         Starting Load AppArmor profiles managed internally by snapd...
[[0;32m  OK  [0m] Started Load AppArmor profiles managed internally by snapd.
[[0;32m  OK  [0m] Listening on Load/Save RF Kill Switch Status /dev/rfkill Watch.
[[0;32m  OK  [0m] Found device 82540EM Gigabit Ethern...r (PRO/1000 MT Desktop Adapter).
[[0;32m  OK  [0m] Found device 82540EM Gigabit Ethern...r (PRO/1000 MT Desktop Adapter).
[    6.927793] cloud-init[486]: Cloud-init v. 21.1-19-gbad84ad4-0ubuntu1~16.04.2 running 'init-local' at Wed, 29 Dec 2021 11:18:36 +0000. Up 6.43 seconds.
[[0;32m  OK  [0m] Started Set console font and keymap.
[[0;32m  OK  [0m] Created slice system-getty.slice.
[[0;32m  OK  [0m] Started Initial cloud-init job (pre-networking).
[[0;32m  OK  [0m] Reached target Network (Pre).
         Starting Raise network interfaces...
[[0;32m  OK  [0m] Started ifup for enp0s8.
[[0;32m  OK  [0m] Started ifup for enp0s3.
[[0;32m  OK  [0m] Started Raise network interfaces.
         Starting Initial cloud-init job (metadata service crawler)...
[[0;32m  OK  [0m] Reached target Network.
[    7.776781] cloud-init[1074]: Cloud-init v. 21.1-19-gbad84ad4-0ubuntu1~16.04.2 running 'init' at Wed, 29 Dec 2021 11:18:37 +0000. Up 7.49 seconds.
[    7.778654] cloud-init[1074]: ci-info: ++++++++++++++++++++++++++++++++++++++Net device info+++++++++++++++++++++++++++++++++++++++
[    7.780437] cloud-init[1074]: ci-info: +--------+------+-----------------------------+---------------+--------+-------------------+
[    7.782334] cloud-init[1074]: ci-info: | Device |  Up  |           Address           |      Mask     | Scope  |     Hw-Address    |
[    7.788324] cloud-init[1074]: ci-info: +--------+------+-----------------------------+---------------+--------+-------------------+
[    7.790099] cloud-init[1074]: ci-info: | enp0s3 | True |          10.0.2.15          | 255.255.255.0 | global | 02:be:82:6b:cc:1d |
[    7.791726] cloud-init[1074]: ci-info: | enp0s3 | True |  fe80::be:82ff:fe6b:cc1d/64 |       .       |  link  | 02:be:82:6b:cc:1d |
[    7.797667] cloud-init[1074]: ci-info: | enp0s8 | True |        192.168.33.11        | 255.255.255.0 | global | 08:00:27:ad:88:36 |
[    7.799555] cloud-init[1074]: ci-info: | enp0s8 | True | fe80::a00:27ff:fead:8836/64 |       .       |  link  | 08:00:27:ad:88:36 |
[    7.801906] cloud-init[1074]: ci-info: |   lo   | True |          127.0.0.1          |   255.0.0.0   |  host  |         .         |
[    7.804729] cloud-init[1074]: ci-info: |   lo   | True |           ::1/128           |       .       |  host  |         .         |
[    7.807530] cloud-init[1074]: ci-info: +--------+------+-----------------------------+---------------+--------+-------------------+
[    7.810526] cloud-init[1074]: ci-info: ++++++++++++++++++++++++++++Route IPv4 info++++++++++++++++++++++++++++
[    7.813120] cloud-init[1074]: ci-info: +-------+--------------+----------+---------------+-----------+-------+
[    7.815609] cloud-init[1074]: ci-info: | Route | Destination  | Gateway  |    Genmask    | Interface | Flags |
[    7.818158] cloud-init[1074]: ci-info: +-------+--------------+----------+---------------+-----------+-------+
[    7.820689] cloud-init[1074]: ci-info: |   0   |   0.0.0.0    | 10.0.2.2 |    0.0.0.0    |   enp0s3  |   UG  |
[    7.823220] cloud-init[1074]: ci-info: |   1   |   10.0.2.0   | 0.0.0.0  | 255.255.255.0 |   enp0s3  |   U   |
[    7.825834] cloud-init[1074]: ci-info: |   2   | 192.168.33.0 | 0.0.0.0  | 255.255.255.0 |   enp0s8  |   U   |
[    7.828372] cloud-init[1074]: ci-info: +-------+--------------+----------+---------------+-----------+-------+
[    7.831667] cloud-init[1074]: ci-info: +++++++++++++++++++Route IPv6 info+++++++++++++++++++
[    7.834736] cloud-init[1074]: ci-info: +-------+-------------+---------+-----------+-------+
[    7.837152] cloud-init[1074]: ci-info: | Route | Destination | Gateway | Interface | Flags |
[    7.839363] cloud-init[1074]: ci-info: +-------+-------------+---------+-----------+-------+
[    7.841731] cloud-init[1074]: ci-info: |   0   |  fe80::/64  |    ::   |   enp0s8  |   U   |
[    7.844029] cloud-init[1074]: ci-info: |   1   |  fe80::/64  |    ::   |   enp0s3  |   U   |
[    7.846367] cloud-init[1074]: ci-info: |   4   |   ff00::/8  |    ::   |   enp0s8  |   U   |
[    7.848658] cloud-init[1074]: ci-info: |   5   |   ff00::/8  |    ::   |   enp0s3  |   U   |
[    7.850967] cloud-init[1074]: ci-info: +-------+-------------+---------+-----------+-------+
[[0;32m  OK  [0m] Started Initial cloud-init job (metadata service crawler).
[[0;32m  OK  [0m] Reached target Cloud-config availability.
[[0;32m  OK  [0m] Reached target System Initialization.
[[0;32m  OK  [0m] Listening on ACPID Listen Socket.
         Starting LXD - unix socket.
[[0;32m  OK  [0m] Started Ubuntu Advantage update messaging.
         Starting Socket activation for snappy daemon.
[[0;32m  OK  [0m] Listening on D-Bus System Message Bus Socket.
[[0;32m  OK  [0m] Listening on UUID daemon activation socket.
[[0;32m  OK  [0m] Started Daily apt download activities.
[[0;32m  OK  [0m] Started Daily apt upgrade and clean activities.
[[0;32m  OK  [0m] Started ACPI Events Check.
[[0;32m  OK  [0m] Reached target Paths.
[[0;32m  OK  [0m] Started Message of the Day.
[[0;32m  OK  [0m] Started Daily Cleanup of Temporary Directories.
[[0;32m  OK  [0m] Reached target Timers.
[[0;32m  OK  [0m] Reached target Network is Online.
         Starting iSCSI initiator daemon (iscsid)...
[[0;32m  OK  [0m] Listening on LXD - unix socket.
[[0;32m  OK  [0m] Listening on Socket activation for snappy daemon.
[[0;32m  OK  [0m] Reached target Sockets.
[[0;32m  OK  [0m] Reached target Basic System.
[[0;32m  OK  [0m] Started Regular background program processing daemon.
         Starting /etc/rc.local Compatibility...
         Starting LXD - container startup/shutdown...
         Starting LSB: MD monitoring daemon...
         Starting System Logging Service...
[[0;32m  OK  [0m] Started Deferred execution scheduler.
         Starting Virtualbox guest utils...
         Starting Accounts Service...
         Starting Snap Daemon...
         Starting OpenBSD Secure Shell server...
[[0;32m  OK  [0m] Started ACPI event daemon.
[[0;32m  OK  [0m] Started D-Bus System Message Bus.
         Starting LSB: Record successful boot for GRUB...
[[0;32m  OK  [0m] Started FUSE filesystem for LXC.
         Starting Login Service...
[[0;32m  OK  [0m] Started System Logging Service.
[[0;32m  OK  [0m] Started /etc/rc.local Compatibility.
[[0;32m  OK  [0m] Started OpenBSD Secure Shell server.
[[0;32m  OK  [0m] Started iSCSI initiator daemon (iscsid).
         Starting Login to default iSCSI targets...
         Starting Authenticate and Authorize Users to Run Privileged Tasks...
[[0;32m  OK  [0m] Started Login Service.
[[0;32m  OK  [0m] Started Unattended Upgrades Shutdown.
[[0;32m  OK  [0m] Started LSB: MD monitoring daemon.
[[0;32m  OK  [0m] Started LSB: Record successful boot for GRUB.
[[0;32m  OK  [0m] Started Authenticate and Authorize Users to Run Privileged Tasks.
[[0;32m  OK  [0m] Started Accounts Service.
[[0;32m  OK  [0m] Started Login to default iSCSI targets.
[[0;32m  OK  [0m] Reached target Remote File Systems (Pre).
         Mounting /vagrant...
[[0;32m  OK  [0m] Started LXD - container startup/shutdown.
[[0;1;31mFAILED[0m] Failed to mount /vagrant.
See 'systemctl status vagrant.mount' for details.
[[0;1;33mDEPEND[0m] Dependency failed for Remote File Systems.
         Starting LSB: Set the CPU Frequency Scaling governor to "ondemand"...
         Starting LSB: automatic crash report generation...
         Starting LSB: daemon to balance interrupts for SMP systems...
         Starting Permit User Sessions...
[[0;32m  OK  [0m] Started Permit User Sessions.
         Starting Terminate Plymouth Boot Screen...
         Starting Hold until boot process finishes up...
[[0;32m  OK  [0m] Started Hold until boot process finishes up.
[[0;32m  OK  [0m] Started Getty on tty1.
         Starting Set console scheme...
[[0;32m  OK  [0m] Started Serial Getty on ttyS0.
[[0;32m  OK  [0m] Reached target Login Prompts.
[[0;32m  OK  [0m] Started Terminate Plymouth Boot Screen.
[[0;32m  OK  [0m] Started Set console scheme.
[[0;32m  OK  [0m] Started LSB: Set the CPU Frequency Scaling governor to "ondemand".
[[0;32m  OK  [0m] Started LSB: automatic crash report generation.
[[0;32m  OK  [0m] Started LSB: daemon to balance interrupts for SMP systems.
[[0;32m  OK  [0m] Started Virtualbox guest utils.
[[0;32m  OK  [0m] Started Snap Daemon.
         Starting Wait until snapd is fully seeded...
[[0;32m  OK  [0m] Started Wait until snapd is fully seeded.
         Starting Apply the settings specified in cloud-config...
[[0;32m  OK  [0m] Reached target Multi-User System.
[[0;32m  OK  [0m] Reached target Graphical Interface.
         Starting Update UTMP about System Runlevel Changes...
[[0;32m  OK  [0m] Started Update UTMP about System Runlevel Changes.
[    8.977784] cloud-init[1337]: Cloud-init v. 21.1-19-gbad84ad4-0ubuntu1~16.04.2 running 'modules:config' at Wed, 29 Dec 2021 11:18:38 +0000. Up 8.84 seconds.
[[0;32m  OK  [0m] Started Apply the settings specified in cloud-config.
         Starting Execute cloud user/final scripts...
[    9.446602] cloud-init[1349]: Cloud-init v. 21.1-19-gbad84ad4-0ubuntu1~16.04.2 running 'modules:final' at Wed, 29 Dec 2021 11:18:39 +0000. Up 9.33 seconds.
[    9.448952] cloud-init[1349]: Cloud-init v. 21.1-19-gbad84ad4-0ubuntu1~16.04.2 finished at Wed, 29 Dec 2021 11:18:39 +0000. Datasource DataSourceNoCloud [seed=/dev/sdb][dsmode=net].  Up 9.44 seconds
[[0;32m  OK  [0m] Started Execute cloud user/final scripts.
[[0;32m  OK  [0m] Reached target Cloud-init target.

Ubuntu 16.04.7 LTS web01 ttyS0

web01 login: [ 8699.056864] NMI watchdog: BUG: soft lockup - CPU#0 stuck for 33s! [swapper/0:0]
[ 8714.309624] NMI watchdog: BUG: soft lockup - CPU#1 stuck for 32s! [timesync:1305]
[ 8885.980224] NMI watchdog: BUG: soft lockup - CPU#0 stuck for 27s! [timesync:1305]
[ 8914.696922] NMI watchdog: BUG: soft lockup - CPU#1 stuck for 39s! [vminfo:1306]
[ 9276.899084] NMI watchdog: BUG: soft lockup - CPU#0 stuck for 26s! [kworker/u4:2:14794]
[ 9324.579875] NMI watchdog: BUG: soft lockup - CPU#0 stuck for 24s! [swapper/0:0]
[10207.952514] NMI watchdog: BUG: soft lockup - CPU#0 stuck for 21s! [kworker/0:0:2929]
[10215.296419] NMI watchdog: BUG: soft lockup - CPU#1 stuck for 27s! [swapper/1:0]
[10338.964171] NMI watchdog: BUG: soft lockup - CPU#0 stuck for 22s! [vminfo:1306]
[10386.901202] NMI watchdog: BUG: soft lockup - CPU#0 stuck for 24s! [swapper/0:0]
[10473.438539] NMI watchdog: BUG: soft lockup - CPU#0 stuck for 21s! [kworker/0:0:2929]
[10622.195062] NMI watchdog: BUG: soft lockup - CPU#0 stuck for 25s! [vminfo:1306]
[10636.994213] NMI watchdog: BUG: soft lockup - CPU#1 stuck for 42s! [kworker/1:2:14135]
[10685.133596] NMI watchdog: BUG: soft lockup - CPU#0 stuck for 25s! [kworker/0:0:2929]
[10765.596285] NMI watchdog: BUG: soft lockup - CPU#0 stuck for 30s! [swapper/0:0]
[10892.118168] NMI watchdog: BUG: soft lockup - CPU#0 stuck for 23s! [kworker/0:0:2929]
[11001.675001] NMI watchdog: BUG: soft lockup - CPU#0 stuck for 22s! [vminfo:1306]
[11028.598492] NMI watchdog: BUG: soft lockup - CPU#1 stuck for 64s! [systemd-journal:374]
[11094.602086] NMI watchdog: BUG: soft lockup - CPU#1 stuck for 46s! [vminfo:1306]
[11166.926561] INFO: rcu_sched self-detected stall on CPU[11166.926650] INFO: rcu_sched detected stalls on CPUs/tasks:[11166.926655] 	1-...: (1 GPs behind) idle=04b/140000000000002/0 softirq=34662/34662 fqs=1 
[11166.926656] 	[11166.926704] rcu_sched kthread starved for 18073 jiffies! g13808 c13807 f0x0 s3 ->state=0x1

[11167.283708] 	1-...: (1 GPs behind) idle=04b/140000000000002/0 softirq=34662/34662 fqs=2 
[11167.288205] 	 (t=25895 jiffies g=13808 c=13807 q=62)
[11271.894041] NMI watchdog: BUG: soft lockup - CPU#0 stuck for 28s! [swapper/0:0]
[11346.283705] NMI watchdog: BUG: soft lockup - CPU#0 stuck for 27s! [swapper/0:0]
[11346.380276] NMI watchdog: BUG: soft lockup - CPU#1 stuck for 31s! [vminfo:1306]
[11515.450628] NMI watchdog: BUG: soft lockup - CPU#1 stuck for 22s! [vminfo:1306]
[11589.221813] INFO: rcu_sched self-detected stall on CPU[11589.221956] INFO: rcu_sched detected stalls on CPUs/tasks:[11589.221961] 	1-...: (3 ticks this GP) idle=ce9/140000000000002/0 softirq=35151/35151 fqs=3 
[11589.221962] 	[11589.221997] rcu_sched kthread starved for 18434 jiffies! g13977 c13976 f0x0 s3 ->state=0x1

[11606.240284] 	1-...: (3 ticks this GP) idle=ce9/140000000000002/0 softirq=35151/35151 fqs=4 
[11606.243288] 	 (t=26305 jiffies g=13977 c=13976 q=136)
[11730.380508] NMI watchdog: BUG: soft lockup - CPU#1 stuck for 33s! [systemd-udevd:14961]
[11735.306255] NMI watchdog: BUG: soft lockup - CPU#0 stuck for 24s! [kworker/u4:3:14912]
[11806.296340] NMI watchdog: BUG: soft lockup - CPU#0 stuck for 22s! [ksoftirqd/0:3]
[11848.662700] NMI watchdog: BUG: soft lockup - CPU#0 stuck for 21s! [vmstats:1309]
[11886.394609] NMI watchdog: BUG: soft lockup - CPU#0 stuck for 23s! [kworker/0:3:14397]
[11886.397072] NMI watchdog: BUG: soft lockup - CPU#1 stuck for 32s! [vminfo:1306]
[11931.878465] NMI watchdog: BUG: soft lockup - CPU#1 stuck for 31s! [timesync:1305]
[12038.694436] NMI watchdog: BUG: soft lockup - CPU#0 stuck for 28s! [kworker/0:3:14397]
[12061.085253] NMI watchdog: BUG: soft lockup - CPU#1 stuck for 66s! [kworker/1:2:14135]
[12094.619739] NMI watchdog: BUG: soft lockup - CPU#0 stuck for 23s! [swapper/0:0]
[12217.333366] NMI watchdog: BUG: soft lockup - CPU#0 stuck for 23s! [vminfo:1306]
